// Jest Snapshot v1, https://goo.gl/fbAQLP

exports[`Pruebas en <GifItem/> hacer match con el snapshot 1`] = `
<div>
  <div
    class="card"
  >
    <img
      alt="Jinx"
      src="http://arcane.com/"
    />
    <p>
      Jinx
    </p>
  </div>
</div>
`;
